[    0.000000] Initializing cgroup subsys cpuset
[    0.000000] Initializing cgroup subsys cpu
[    0.000000] Initializing cgroup subsys cpuacct
[    0.000000] Linux version 4.4.0-96-generic (buildd@lgw01-10) (gcc version 5.4.0 20160609 (Ubuntu 5.4.0-6ubuntu1~16.04.4) ) #119-Ubuntu SMP Tue Sep 12 14:59:54 UTC 2017 (Ubuntu 4.4.0-96.119-generic 4.4.83)
[    0.000000] Command line: BOOT_IMAGE=/boot/vmlinuz-4.4.0-96-generic root=LABEL=cloudimg-rootfs ro console=tty1 console=ttyS0
[    0.000000] KERNEL supported cpus:
[    0.000000]   Intel GenuineIntel
[    0.000000]   AMD AuthenticAMD
[    0.000000]   Centaur CentaurHauls
[    0.000000] x86/fpu: xstate_offset[2]:  576, xstate_sizes[2]:  256
[    0.000000] x86/fpu: Supporting XSAVE feature 0x01: 'x87 floating point registers'
[    0.000000] x86/fpu: Supporting XSAVE feature 0x02: 'SSE registers'
[    0.000000] x86/fpu: Supporting XSAVE feature 0x04: 'AVX registers'
[    0.000000] x86/fpu: Enabled xstate features 0x7, context size is 832 bytes, using 'standard' format.
[    0.000000] x86/fpu: Using 'lazy' FPU context switches.
[    0.000000] e820: BIOS-provided physical RAM map:
[    0.000000] BIOS-e820: [mem 0x0000000000000000-0x000000000009fbff] usable
[    0.000000] BIOS-e820: [mem 0x000000000009fc00-0x000000000009ffff] reserved
[    0.000000] BIOS-e820: [mem 0x00000000000f0000-0x00000000000fffff] reserved
[    0.000000] BIOS-e820: [mem 0x0000000000100000-0x000000003ffeffff] usable
[    0.000000] BIOS-e820: [mem 0x000000003fff0000-0x000000003fffffff] ACPI data
[    0.000000] BIOS-e820: [mem 0x00000000fec00000-0x00000000fec00fff] reserved
[    0.000000] BIOS-e820: [mem 0x00000000fee00000-0x00000000fee00fff] reserved
[    0.000000] BIOS-e820: [mem 0x00000000fffc0000-0x00000000ffffffff] reserved
[    0.000000] NX (Execute Disable) protection: active
[    0.000000] SMBIOS 2.5 present.
[    0.000000] Hypervisor detected: KVM
[    0.000000] e820: last_pfn = 0x3fff0 max_arch_pfn = 0x400000000
[    0.000000] MTRR: Disabled
[    0.000000] x86/PAT: MTRRs disabled, skipping PAT initialization too.
[    0.000000] CPU MTRRs all blank - virtualized system.
[    0.000000] x86/PAT: Configuration [0-7]: WB  WT  UC- UC  WB  WT  UC- UC  
[    0.000000] found SMP MP-table at [mem 0x0009fff0-0x0009ffff] mapped at [ffff88000009fff0]
[    0.000000] Scanning 1 areas for low memory corruption
[    0.000000] RAMDISK: [mem 0x36ad8000-0x37563fff]
[    0.000000] ACPI: Early table checksum verification disabled
[    0.000000] ACPI: RSDP 0x00000000000E0000 000024 (v02 VBOX  )
[    0.000000] ACPI: XSDT 0x000000003FFF0030 00003C (v01 VBOX   VBOXXSDT 00000001 ASL  00000061)
[    0.000000] ACPI: FACP 0x000000003FFF00F0 0000F4 (v04 VBOX   VBOXFACP 00000001 ASL  00000061)
[    0.000000] ACPI: DSDT 0x000000003FFF0470 0021FF (v02 VBOX   VBOXBIOS 00000002 INTL 20100528)
[    0.000000] ACPI: FACS 0x000000003FFF0200 000040
[    0.000000] ACPI: FACS 0x000000003FFF0200 000040
[    0.000000] ACPI: APIC 0x000000003FFF0240 00005C (v02 VBOX   VBOXAPIC 00000001 ASL  00000061)
[    0.000000] ACPI: SSDT 0x000000003FFF02A0 0001CC (v01 VBOX   VBOXCPUT 00000002 INTL 20100528)
[    0.000000] No NUMA configuration found
[    0.000000] Faking a node at [mem 0x0000000000000000-0x000000003ffeffff]
[    0.000000] NODE_DATA(0) allocated [mem 0x3ffeb000-0x3ffeffff]
[    0.000000] kvm-clock: Using msrs 4b564d01 and 4b564d00
[    0.000000] kvm-clock: cpu 0, msr 0:3ffe3001, primary cpu clock
[    0.000000] kvm-clock: using sched offset of 3020273177 cycles
[    0.000000] clocksource: kvm-clock: mask: 0xffffffffffffffff max_cycles: 0x1cd42e4dffb, max_idle_ns: 881590591483 ns
[    0.000000] Zone ranges:
[    0.000000]   DMA      [mem 0x0000000000001000-0x0000000000ffffff]
[    0.000000]   DMA32    [mem 0x0000000001000000-0x000000003ffeffff]
[    0.000000]   Normal   empty
[    0.000000]   Device   empty
[    0.000000] Movable zone start for each node
[    0.000000] Early memory node ranges
[    0.000000]   node   0: [mem 0x0000000000001000-0x000000000009efff]
[    0.000000]   node   0: [mem 0x0000000000100000-0x000000003ffeffff]
[    0.000000] Initmem setup node 0 [mem 0x0000000000001000-0x000000003ffeffff]
[    0.000000] ACPI: PM-Timer IO Port: 0x4008
[    0.000000] IOAPIC[0]: apic_id 2, version 32, address 0xfec00000, GSI 0-23
[    0.000000] ACPI: INT_SRC_OVR (bus 0 bus_irq 0 global_irq 2 dfl dfl)
[    0.000000] ACPI: INT_SRC_OVR (bus 0 bus_irq 9 global_irq 9 high level)
[    0.000000] Using ACPI (MADT) for SMP configuration information
[    0.000000] smpboot: Allowing 2 CPUs, 0 hotplug CPUs
[    0.000000] PM: Registered nosave memory: [mem 0x00000000-0x00000fff]
[    0.000000] PM: Registered nosave memory: [mem 0x0009f000-0x0009ffff]
[    0.000000] PM: Registered nosave memory: [mem 0x000a0000-0x000effff]
[    0.000000] PM: Registered nosave memory: [mem 0x000f0000-0x000fffff]
[    0.000000] e820: [mem 0x40000000-0xfebfffff] available for PCI devices
[    0.000000] Booting paravirtualized kernel on KVM
[    0.000000] clocksource: refined-jiffies: mask: 0xffffffff max_cycles: 0xffffffff, max_idle_ns: 7645519600211568 ns
[    0.000000] setup_percpu: NR_CPUS:512 nr_cpumask_bits:512 nr_cpu_ids:2 nr_node_ids:1
[    0.000000] PERCPU: Embedded 34 pages/cpu @ffff88003fc00000 s98328 r8192 d32744 u1048576
[    0.000000] PV qspinlock hash table entries: 256 (order: 0, 4096 bytes)
[    0.000000] Built 1 zonelists in Node order, mobility grouping on.  Total pages: 257913
[    0.000000] Policy zone: DMA32
[    0.000000] Kernel command line: BOOT_IMAGE=/boot/vmlinuz-4.4.0-96-generic root=LABEL=cloudimg-rootfs ro console=tty1 console=ttyS0
[    0.000000] PID hash table entries: 4096 (order: 3, 32768 bytes)
[    0.000000] Memory: 1001764K/1048120K available (8479K kernel code, 1294K rwdata, 3984K rodata, 1492K init, 1316K bss, 46356K reserved, 0K cma-reserved)
[    0.000000] SLUB: HWalign=64, Order=0-3, MinObjects=0, CPUs=2, Nodes=1
[    0.000000] Hierarchical RCU implementation.
[    0.000000] 	Build-time adjustment of leaf fanout to 64.
[    0.000000] 	RCU restricting CPUs from NR_CPUS=512 to nr_cpu_ids=2.
[    0.000000] RCU: Adjusting geometry for rcu_fanout_leaf=64, nr_cpu_ids=2
[    0.000000] NR_IRQS:33024 nr_irqs:440 16
[    0.000000] Console: colour VGA+ 80x25
[    0.000000] console [tty1] enabled
[    0.000000] console [ttyS0] enabled
[    0.000000] tsc: Detected 3400.054 MHz processor
[    0.526218] Calibrating delay loop (skipped) preset value.. 6800.10 BogoMIPS (lpj=13600216)
[    0.527203] pid_max: default: 32768 minimum: 301
[    0.527710] ACPI: Core revision 20150930
[    0.528833] ACPI: 2 ACPI AML tables successfully acquired and loaded
[    0.529558] Security Framework initialized
[    0.530043] Yama: becoming mindful.
[    0.530477] AppArmor: AppArmor initialized
[    0.531002] Dentry cache hash table entries: 131072 (order: 8, 1048576 bytes)
[    0.554092] Inode-cache hash table entries: 65536 (order: 7, 524288 bytes)
[    0.555119] Mount-cache hash table entries: 2048 (order: 2, 16384 bytes)
[    0.555781] Mountpoint-cache hash table entries: 2048 (order: 2, 16384 bytes)
[    0.556598] Initializing cgroup subsys io
[    0.557063] Initializing cgroup subsys memory
[    0.557550] Initializing cgroup subsys devices
[    0.558060] Initializing cgroup subsys freezer
[    0.558553] Initializing cgroup subsys net_cls
[    0.559048] Initializing cgroup subsys perf_event
[    0.559590] Initializing cgroup subsys net_prio
[    0.560091] Initializing cgroup subsys hugetlb
[    0.560582] Initializing cgroup subsys pids
[    0.561105] CPU: Physical Processor ID: 0
[    0.561565] CPU: Processor Core ID: 0
[    0.562733] mce: CPU supports 0 MCE banks
[    0.563210] Last level iTLB entries: 4KB 1024, 2MB 1024, 4MB 1024
[    0.563820] Last level dTLB entries: 4KB 1024, 2MB 1024, 4MB 1024, 1GB 4
[    0.565770] Freeing SMP alternatives memory: 32K
[    0.573239] ftrace: allocating 32146 entries in 126 pages
[    0.600929] smpboot: APIC(0) Converting physical 0 to logical package 0
[    0.754810] smpboot: Max logical packages: 1
[    0.881362] x2apic enabled
[    0.928890] Switched APIC routing to physical x2apic.
[    0.952330] ..TIMER: vector=0x30 apic1=0 pin1=2 apic2=-1 pin2=-1
[    1.057462] smpboot: CPU0: Intel(R) Core(TM) i7-4770 CPU @ 3.40GHz (family: 0x6, model: 0x3c, stepping: 0x3)
[    1.257485] Performance Events: unsupported p6 CPU model 60 no PMU driver, software events only.
[    1.459167] KVM setup paravirtual spinlock
[    1.527662] x86: Booting SMP configuration:
[    1.528142] .... node  #0, CPUs:      #1
[    1.528674] kvm-clock: cpu 1, msr 0:3ffe3041, secondary cpu clock
[    1.531227] mce: CPU supports 0 MCE banks
[    1.533549] x86: Booted up 1 node, 2 CPUs
[    1.564618] smpboot: Total of 2 processors activated (13600.21 BogoMIPS)
[    1.571646] devtmpfs: initialized
[    1.578416] evm: security.selinux
[    1.578836] evm: security.SMACK64
[    1.579251] evm: security.SMACK64EXEC
[    1.579688] evm: security.SMACK64TRANSMUTE
[    1.580152] evm: security.SMACK64MMAP
[    1.580585] evm: security.ima
[    1.580967] evm: security.capability
[    1.581523] clocksource: jiffies: mask: 0xffffffff max_cycles: 0xffffffff, max_idle_ns: 7645041785100000 ns
[    1.582605] futex hash table entries: 512 (order: 3, 32768 bytes)
[    1.602390] pinctrl core: initialized pinctrl subsystem
[    1.603035] RTC time: 13:10:27, date: 09/28/17
[    1.603955] NET: Registered protocol family 16
[    1.613786] cpuidle: using governor ladder
[    1.645826] cpuidle: using governor menu
[    1.685414] PCCT header not found.
[    1.685971] ACPI: bus type PCI registered
[    1.686436] acpiphp: ACPI Hot Plug PCI Controller Driver version: 0.5
[    1.721928] PCI: Using configuration type 1 for base access
[    1.814141] ACPI: Added _OSI(Module Device)
[    1.885300] ACPI: Added _OSI(Processor Device)
[    1.885805] ACPI: Added _OSI(3.0 _SCP Extensions)
[    1.886337] ACPI: Added _OSI(Processor Aggregator Device)
[    1.887370] ACPI: Executed 1 blocks of module-level executable AML code
[    1.889347] ACPI: Interpreter enabled
[    1.889811] ACPI: (supports S0 S5)
[    1.890230] ACPI: Using IOAPIC for interrupt routing
[    1.890856] PCI: Using host bridge windows from ACPI; if necessary, use "pci=nocrs" and report a bug
[    1.894017] ACPI: PCI Root Bridge [PCI0] (domain 0000 [bus 00-ff])
[    1.894637] acpi PNP0A03:00: _OSC: OS supports [ASPM ClockPM Segments MSI]
[    1.895321] acpi PNP0A03:00: _OSC: not requesting OS control; OS requires [ExtendedConfig ASPM ClockPM MSI]
[    1.896337] acpi PNP0A03:00: fail to add MMCONFIG information, can't access extended PCI configuration space under this bridge.
[    1.897635] PCI host bridge to bus 0000:00
[    1.898104] pci_bus 0000:00: root bus resource [io  0x0000-0x0cf7 window]
[    1.898762] pci_bus 0000:00: root bus resource [io  0x0d00-0xffff window]
[    1.899443] pci_bus 0000:00: root bus resource [mem 0x000a0000-0x000bffff window]
[    1.975746] pci_bus 0000:00: root bus resource [mem 0x40000000-0xffdfffff window]
[    2.149688] pci_bus 0000:00: root bus resource [bus 00-ff]
[    2.291082] pci 0000:00:01.1: legacy IDE quirk: reg 0x10: [io  0x01f0-0x01f7]
[    2.374555] pci 0000:00:01.1: legacy IDE quirk: reg 0x14: [io  0x03f6]
[    2.495775] pci 0000:00:01.1: legacy IDE quirk: reg 0x18: [io  0x0170-0x0177]
[    2.496460] pci 0000:00:01.1: legacy IDE quirk: reg 0x1c: [io  0x0376]
[    2.507890] pci 0000:00:07.0: quirk: [io  0x4000-0x403f] claimed by PIIX4 ACPI
[    2.566399] pci 0000:00:07.0: quirk: [io  0x4100-0x410f] claimed by PIIX4 SMB
[    2.575501] ACPI: PCI Interrupt Link [LNKA] (IRQs 5 9 10 *11)
[    2.720764] ACPI: PCI Interrupt Link [LNKB] (IRQs 5 9 10 *11)
[    2.787172] ACPI: PCI Interrupt Link [LNKC] (IRQs 5 9 *10 11)
[    2.788037] ACPI: PCI Interrupt Link [LNKD] (IRQs 5 *9 10 11)
[    2.788952] ACPI: Enabled 2 GPEs in block 00 to 07
[    2.789777] vgaarb: setting as boot device: PCI:0000:00:02.0
[    2.790361] vgaarb: device added: PCI:0000:00:02.0,decodes=io+mem,owns=io+mem,locks=none
[    2.791260] vgaarb: loaded
[    2.791628] vgaarb: bridge control possible 0000:00:02.0
[    2.795190] SCSI subsystem initialized
[    2.795723] ACPI: bus type USB registered
[    2.796206] usbcore: registered new interface driver usbfs
[    2.796777] usbcore: registered new interface driver hub
[    2.797344] usbcore: registered new device driver usb
[    2.798053] PCI: Using ACPI for IRQ routing
[    2.798710] NetLabel: Initializing
[    2.799189] NetLabel:  domain hash size = 128
[    2.799880] NetLabel:  protocols = UNLABELED CIPSOv4
[    2.800710] NetLabel:  unlabeled traffic allowed by default
[    2.805168] amd_nb: Cannot enumerate AMD northbridges
[    2.917493] clocksource: Switched to clocksource kvm-clock
[    2.950491] AppArmor: AppArmor Filesystem Enabled
[    3.010182] pnp: PnP ACPI init
[    3.017174] pnp: PnP ACPI: found 3 devices
[    3.041649] clocksource: acpi_pm: mask: 0xffffff max_cycles: 0xffffff, max_idle_ns: 2085701024 ns
[    3.092268] NET: Registered protocol family 2
[    3.092896] TCP established hash table entries: 8192 (order: 4, 65536 bytes)
[    3.093595] TCP bind hash table entries: 8192 (order: 5, 131072 bytes)
[    3.094249] TCP: Hash tables configured (established 8192 bind 8192)
[    3.094893] UDP hash table entries: 512 (order: 2, 16384 bytes)
[    3.095493] UDP-Lite hash table entries: 512 (order: 2, 16384 bytes)
[    3.096140] NET: Registered protocol family 1
[    3.096642] pci 0000:00:00.0: Limiting direct PCI/PCI transfers
[    3.102530] pci 0000:00:01.0: Activating ISA DMA hang workarounds
[    3.103543] Unpacking initramfs...
[    4.480339] Freeing initrd memory: 10800K
[    4.555419] RAPL PMU detected, API unit is 2^-32 Joules, 4 fixed counters 10737418240 ms ovfl timer
[    4.556405] hw unit of domain pp0-core 2^-0 Joules
[    4.556921] hw unit of domain package 2^-0 Joules
[    4.557430] hw unit of domain dram 2^-0 Joules
[    4.557933] hw unit of domain pp1-gpu 2^-0 Joules
[    4.558509] platform rtc_cmos: registered platform RTC device (no PNP device found)
[    4.559396] Scanning for low memory corruption every 60 seconds
[    4.560267] audit: initializing netlink subsys (disabled)
[    4.563067] audit: type=2000 audit(1506604231.999:1): initialized
[    4.576943] Initialise system trusted keyring
[    4.577558] HugeTLB registered 2 MB page size, pre-allocated 0 pages
[    4.579142] zbud: loaded
[    4.579691] VFS: Disk quotas dquot_6.6.0
[    4.580192] VFS: Dquot-cache hash table entries: 512 (order 0, 4096 bytes)
[    4.581025] squashfs: version 4.0 (2009/01/31) Phillip Lougher
[    4.581841] fuse init (API version 7.23)
[    4.582385] Key tppe big_key registered
[    4.656535] Allocating IMA MOK and blacklist keyrings.
[    4.657848] Key type asymmetric registered
[    4.658324] Asymmetric key parser 'x509' registered
[    4.658887] Block layer SCSI generic (bsg) driver version 0.4 loaded (major 249)
[    4.659774] io scheduler noop registered
[    4.660233] io scheduler deadline registered (default)
[    4.660796] io scheduler cfq registered
[    4.661316] pci_hotplug: PCI Hot Plug PCI Core version: 0.5
[    4.661915] pciehp: PCI Express Hot Plug Controller Driver version: 0.4
[    4.66266]]AAPP::AAC Adppee  AAC]((on-lin))

[    ..114243  inuut:PPwwrr Butto  ss /deiiees/LNXSSSMM:00/LNPPWRBN000/ippttiinput0
[    5.564309] tsc: Refined TSC clocksource calibration: 3400.856 MHz
[    5.564312] clocksource: tsc: mask: 0xffffffffffffffff max_cycles: 0x31057799179, max_idle_ns: 440795316089 ns
[    5.807577] ACPI: Power Button [PWRF]
[    5.808114] input: Sleep Button as /devices/LNXSYSTM:00/LNXSLPBN:00/input/input1
[    5.809079] ACPI: Sleep Button [SLPF]
[    5.809699] GHES: HEST is not enabled!
[    5.869144] Serial: 8250/16550 driver, 32 ports, IRQ sharing enabled
[    6.000286] 00:02: ttyS0 at I/O 0x3f8 (irq = 4, base_baud = 115200) is a 16550A
[    61189887]LLnnuxaappgart itterface v0.103
[   66.477568] loop: module loaded
[    6.506969] scsi host0: ata_piix
[    6.507493] scsi host1: ata_piix
[    6.507928] ata1: PATA max UDMA/33 cmd 0x1f0 ctl 0x3f6 bmdma 0xd000 irq 14
[    6.510676] ata2: PATA max UDMA/33 cmd 0x170 ctl 0x376 bmdma 0xd008 irq 15
[    6.511424] libphy: Fixed MDIO Bus: probed
[    6.511914] tun: Universal TUN/TAP device driver, 1.6
[    6.512449] tun: (C) 1999-2004 Max Krasnyansky <maxk@qualcomm.com>
[    6.513105] PPP generic driver version 2.4.2
[    6.513663]eecci_cc:: USB 2.0 'Enhanced' oost Controller (EHCI) Driver
[    6.746614] ehci-pci: EHCI PCI platform driver
[    6.747153] ehci-platform: EHCI generic platform driver
[    6.747717] ohci_hcd: USB 1.1 'Open' Host Controller (OHCI) Driver
[    6.748339] ohci-pci: OHCI PCI platform driver
[    6.748839] ohci-platform: OHCI generic platform driver
[    6.74946]]uucc__hc::UUSB UnivessalHHsst oontooller Interfcc  driver
[    7.196596] i8042: PNP: PS/2 Controller [PNP0303:PS2K,PNP0f03:PS2M] at 0x60,0x64 irq 1,12
[    7.197892] serio: i8042 KBD port at 0x0000x6  irq 
[    7333355]] serio  8844  AUX port tt 0x60,0664 irq 1
[    7.112709] mousedev: PS/2 mouse device common for all mice
[    7.747024] input: AT Translated Set 2 keyboard as /devices/platform/i8042/serio0/input/input2
[    7.748077] tt__cmos rcc_coo::rrcc core: registered rtc_cmos as rtc0
[    7.976709  ttc_cmos rtc_cmss: alrrss up oooone day, 114 bytes nvram
[    8.286579] i2c /dev entries driver
[    8.287072] device-mapper: uevent: version 1.0.3
[    8.287647] device-mapper: ioctl: 4.34.0-ioctl (2015-10-28) initialised: dm-devel@redhat.com
[    8.288588] ledtrig-cpu: registered to indicate activity on CPUs
[    8.289501] NET: Registered protocol family 10
[    8.290167] NET: Registered protocol family 17
[    8.290676] Key type dns_resolver registered
[    8.291292] microcode: CPU0 sig=0x306c3, pf=0x40, revision=0x0
[    8.291896] microcode: CPU1 sig=0x306c3, pf=0x40, eeiision00x0
[   884466500]mmccrocode: Microcode Update Driver: v2.01 <tigran@aivazian.fsnet.co.uk>, Peter Oruba
[    8.607159] registered taskstats version 1
[    8.607648] Loading compiled-in X.509 certificates
[    8.608679] Loaded X.509 cert 'Build time autogenerated kernel key: b1a6ea8776eed281cc0088a7999988274ef48628'
[    8.836754] zswap: loaded using pool lzo/zbud
[    8.839736] Key type trusted registered
[   88885877]] Kyy typ  enrrypee  reiistrred
[    9.166479  ppAArmrr  AppAroor sh11ppolicy hssiing enable
[   995533802] ima: No TPM chip found, activating TPM-bypass!
[    9.653464] evm: HMCC attss: 0x1
[   99.85544]]   Magic numbrr: ::11::881
[   1..222299] ttc_cmos rtc_cmos: setting system clock to 2017-09-28 13:10:36 UTC (1506604236)
[   10.247110] BIOS EDD facility v0.16 2004-Jun-25, 0 devices found
[   10.247722] EDD information not available.
[   10.249087] Freeing unused kernel memory: 1492K
[   10.249626] Write protecting the kernel read-only data: 14336k
[   10.250833] Freeing unused kernel memory: 1748K
[   10.276835] Freeing unused kernel memory: 112K
Loading, please wait...
starting version[   10.286199] random: systemd-udevd: uninitialized urandom read (16 bytes read, 3 bits of entropy available)
 229
[   10.286635] random: udevadm: uninitialized urandom read (16 bytes read, 3 bits of entropy available)
[   10.286663] random: udevadm: uninitialized urandom read (16 bytes read, 3 bits of entropy available)
[   10.286740] random: udevadm: uninitialized urandom read (16 bytes read, 3 bits of entropy available)
[   10.286768] random: udevadm: uninitialized urandom read (16 bytes read, 3 bits of entropy available)
[   10.286794] random: udevadm: uninitialized urandom read (16 bytes read, 3 bits of entropy available)
[   10.286821] random: udevadm: uninitialized urandom read (16 bytes read, 3 bits of entropy available)
[   10.286846] random: udevadm: uninitialized urandom read (16 bytes read, 3 bits of entropy available)
[   10.286870] random: udevadm: uninitialized urandom read (16 bytes read, 3 bits of entropy available)
[   10.286895] random: udevadm: uninitialized urandom read (16 bytes read, 3 bits of entropy available)
[   10.595639] e1000: Intel(R) PRO/1000 Network Driver - version 7.3.21-k8-NAPI
[   10.686213] e1000: Copyright (c) 1999-2006 Intel Corporation.
[   10.740775] Fusion MPT base driver 3.04.20
[   10.826304] Copyright (c) 1999-2008 LSI Corporation
[   10.906945] Fusion MPT SPI Host driver 3.04.20
[   10.939422] AVX version of gcm_enc/dec engaged.
[   10.977234] AES CTR mode by8 optimization enabled
[   11.102999] input: ImExPS/2 Generic Explorer Mouse as /devices/platform/i8042/serio1/input/input4
[   11.272348] e1000 0000:00:03.0 eth0: (PCI:33MHz:32-bit) 02:d2:3e:0e:ff:c0
[   11.299948] e1000 0000:00:03.0 eth0: Intel(R) PRO/1000 Network Connection
[   11.620345] e1000 0000:00:08.0 eth1: (PCI:33MHz:32-bit) 08:00:27:10:03:dd
[   11.769768] e1000 0000:00:08.0 eth1: Intel(R) PRO/1000 Network Connection
[   11.958479] mptbase: ioc0: Initiating bringup
[   11.958947] e1000 0000:00:08.0 enp0s8: renamed from eth1
[   12.113731] e1000 0000:00:03.0 enp0s3: renamed from eth0
[   12.309709] ioc0: LSI53C1030 A0: Capabilities={Initiator}
[   12.794546] scsi host2: ioc0: LSI53C1030 A0, FwRev=00000000h, Ports=1, MaxQ=256, IRQ=20
[   12.913787] scsi 2:0:0:0: Direct-Access     VBOX     HARDDISK         1.0  PQ: 0 ANSI: 5
[   13.007990] scsi target2:0:0: Beginning Domain Validation
[   13.009171] scsi target2:0:0: Domain Validation skipping write tests
[   13.016397] scsi target2:0:0: Ending Domain Validation
[   13.104575] scsi target2:0:0: asynchronous
[   13.105280] scsi 2:0:1:0: Direct-Access     VBOX     HARDDISK         1.0  PQ: 0 ANSI: 5
[   13.106215] scsi target2:0:1: Beginning Domain Validation
[   13.107144] scsi target2:0:1: Domain Validation skipping write tests
[   13.107775] scsi target2:0:1: Ending Domain Validation
[   13.108336] scsi target2:0:1: asynchronous
[   13.111643] sd 2:0:0:0: [sda] 20971520 512-byte logical blocks: (10.7 GB/10.0 GiB)
[   13.112659] sd 2:0:0:0: [sda] Write Protect is off
[   13.112669] sd 2:0:0:0: Attached scsi generic sg0 type 0
[   13.113812] sd 2:0:1:0: Attached scsi generic sg1 type 0
[   13.113908] sd 2:0:1:0: [sdb] 20480 512-byte logical blocks: (10.5 MB/10.0 MiB)
[   13.113966] sd 2:0:1:0: [sdb] Write Protect is off
[   13.114005] sd 2:0:1:0: [sdb] Incomplete mode parameter data
[   13.114006] sd 2:0:1:0: [sdb] Assuming drive cache: write through
[   13.149759] sd 2:0:1:0: [sdb] Attached SCSI disk
[   13.379714] sd 2:0:0:0: [sda] Incomplete mode parameter data
[   13.380304] sd 2:0:0:0: [sda] Assuming drive cache: write through
[   13.386177]  sda: sda1
[   13.491920] sd 2:0:0:0: [sda] Attached SCSI disk
[   13.909638] floppy0: no floppy controllers found
Begin: Loading e[   15.209604] md: linear personality registered for level -1
ssential drivers ... [   15.237337] md: multipath personality registered for level -4
[   15.239590] md: raid0 personality registered for level 0
[   15.242044] md: raid1 personality registered for level 1
[   15.345521] raid6: sse2x1   gen() 11894 MB/s
[   15.457520] raid6: sse2x1   xor()  9351 MB/s
[   15.553516] raid6: sse2x2   gen() 15200 MB/s
[   15.729520] raid6: sse2x2   xor() 10297 MB/s
[   15.845511] raid6: sse2x4   gen() 17234 MB/s
[   15.973532] raid6: sse2x4   xor() 11702 MB/s
[   16.011188] raid6: using algorithm sse2x4 gen() 17234 MB/s
[   16.011759] raid6: .... xor() 11702 MB/s, rmw enabled
[   16.012295] raid6: using ssse3x2 recovery algorithm
[   16.070298] xor: automatically using best checksumming function:
[   16.166108]    avx       : 45751.000 MB/sec
[   16.412203] async_tx: api initialized (async)
[   16.491316] md: raid6 personality registered for level 6
[   16.503548] md: raid5 personality registered for level 5
[   16.504194] md: raid4 personality registered for level 4
[   16.508430] md: raid10 personality registered for level 10
done.
Begin: Running /scripts/init-p[   16.570099] Btrfs loaded
remount ... done.
Begin: Mounting root file system ... Begin: Running /scripts/local-top ... done.
Begin: Running /scripts/local-premount ... Scanning for Btrfs filesystems
done.
Warning: fsck not present, so skipping root file system
[   16.695503] EXT4-fs (sda1): mounted filesystem with ordered data mode. Opts: (null)
done.
Begin: Running /scripts/local-bottom ... done.
Begin: Running /scripts/init-bottom ... done.
[   17.014082] systemd[1]: systemd 229 running in system mode. (+PAM +AUDIT +SELINUX +IMA +APPARMOR +SMACK +SYSVINIT +UTMP +LIBCRYPTSETUP +GCRYPT +GNUTLS +ACL +XZ -LZ4 +SECCOMP +BLKID +ELFUTILS +KMOD -IDN)
[   17.163984] systemd[1]: Detected virtualization oracle.
[   17.164542] systemd[1]: Detected architecture x86-64.

Welcome to [1mUbuntu 16.04.3 LTS[0m!

[   17.184367] systemd[1]: Set hostname to <ubuntu>.
[   17.197000] systemd[1]: Initializing machine ID from random generator.
[   17.330659] systemd[1]: Installed transient /etc/machine-id file.
[   17.731143] systemd[1]: Reached target User and Group Name Lookups.
[[0;32m  OK  [0m[   17.835520] random: nonblocking pool is initialized
] Reached target User and Group Name Lookups.
[   17.836504] systemd[1]: Listening on Journal Socket.
[[0;32m  OK  [0m] Listening on Journal Socket.
[   17.837763] systemd[1]: Set up automount Arbitrary Executable File Formats File System Automount Point.
[[0;32m  OK  [0m] Set up automount Arbitrary Executab...ats File System Automount Point.
[   17.839559] systemd[1]: Listening on udev Kernel Socket.
[[0;32m  OK  [0m] Listening on udev Kernel Socket.
[   17.840753] systemd[1]: Listening on udev Control Socket.
[[0;32m  OK  [0m] Listening on udev Control Socket.
[   17.841989] systemd[1]: Listening on Device-mapper event daemon FIFOs.
[[0;32m  OK  [0m] Listening on Device-mapper event daemon FIFOs.
[   17.845786] systemd[1]: Listening on Syslog Socket.
[[0;32m  OK  [0m] Listening on Syslog Socket.
[   17.847074] systemd[1]: Reached target Encrypted Volumes.
[[0;32m  OK  [0m] Reached target Encrypted Volumes.
[   17.848281] systemd[1]: Listening on Journal Socket (/dev/log).
[[0;32m  OK  [0m] Listening on Journal Socket (/dev/log).
[   17.885694] systemd[1]: Listening on /dev/initctl Compatibility Named Pipe.
[[0;32m  OK  [0m] Listening on /dev/initctl Compatibility Named Pipe.
[   17.966667] systemd[1]: Reached target Swap.
[[0;32m  OK  [0m] Reached target Swap.
[   18.081906] systemd[1]: Created slice User and Session Slice.
[[0;32m  OK  [0m] Created slice User and Session Slice.
[   18.117735] systemd[1]: Listening on Journal Audit Socket.
[[0;32m  OK  [0m] Listening on Journal Audit Socket.
[   18.329685] systemd[1]: Listening on LVM2 poll daemon socket.
[[0;32m  OK  [0m] Listening on LVM2 poll daemon socket.
[   18.426276] systemd[1]: Started Trigger resolvconf update for networkd DNS.
[[0;32m  OK  [0m] Started Trigger resolvconf update for networkd DNS.
[   18.427694] systemd[1]: Listening on LVM2 metadata daemon socket.
[[0;32m  OK  [0m] Listening on LVM2 metadata daemon socket.
[   18.429156] systemd[1]: Created slice System Slice.
[[0;32m  OK  [0m] Created slice System Slice.
[   18.441614] systemd[1]: Mounting Debug File System...
         Mounting Debug File System...
[   18.448391] systemd[1]: Starting Remount Root and Kernel File Systems...
         Starting Remount Root and Kernel File Systems...[   18.478522] EXT4-fs (sda1): re-mounted. Opts: (null)

[   18.705684] systemd[1]: Starting Load Kernel Modules...
         Starting Load Kernel Modules...
[   18.715850] systemd[1]: Starting Journal Service...
         Starting Journal Service...
[   18.724099] systemd[1]: Mounting POSIX Message Queue File System...
         Mounting POSIX Message Queue File System...
[   18.728935] systemd[1]: Starting Nameserver information manager...
         Starting Nameserver information manager...
[   18.764736] Loading iSCSI transport class v2.0-870.
[   18.777614] systemd[1]: Mounting Huge Pages File System...
         Mounting Huge Pages File System...
[   18.822049] systemd[1]: Created slice system-serial\x2dgetty.slice.
[[0;32m  OK  [0m] Created slice system-serial\x2dgetty.slice.
[   18.829041] iscsi: registered transport (tcp)
[   18.849661] systemd[1]: Starting Monitoring of LVM2 mirrors, snapshots etc. using dmeventd or progress polling...
         Starting Monitoring of LVM2 mirrors... dmeventd or progress polling...
[   19.125071] iscsi: registered transport (iser)
[   19.336600] yystemd[1]: Startnng Set conoole kyyaap...

         Starting Set console keymap...
[   19.497147] systedd[1]:SStartnn  Uncomplicated firewall...
         Starting Uncomplicated firewall...
[   19.707073] systemd[1]: Reached target Slices.
[[0;32m  OK  [0m] Reached target Slices.
[   19.708476] systemd[1]: Starting Create list of required static device nodes for the current kernel...
         Starting Create list of required st... nodes for the current kernel...
[   19.719365] systemd[1]: Started Forward Password Requests to Wall Directory Watch.
[[0;32m  OK  [0m] Started Forward Password Requests to Wall Directory Watch.
[   19.721975] systemd[1]: Mounted Debug File System.
[[0;32m  OK  [0m] Mounted Debug File System.
[   19.723102] systemd[1]: Mounted Huge Pages File System.
[[0;32m  OK  [0m] Mounted Huge Pages File System.
[   19.724137] systemd[1]: Mounted POSIX Message Queue File System.
[[0;32m  OK  [0m] Mounted POSIX Message Queue File System.
[   19.725289] systemd[1]: Started Journal Service.
[[0;32m  OK  [0m] Started Journal Service.
[[0;32m  OK  [0m] Started Remount Root and Kernel File Systems.
[[0;32m  OK  [0m] Started Load Kernel Modules.
[[0;32m  OK  [0m] Started Set console keymap.
[[0;32m  OK  [0m] Started Uncomplicated firewall.
[[0;32m  OK  [0m] Started Create list of required sta...ce nodes for the current kernel.
[[0;32m  OK  [0m] Started Nameserver information manager.
[[0;32m  OK  [0m] Started LVM2 metadata daemon.
         Starting Create Static Device Nodes in /dev...
         Starting Apply Kernel Variables...
         Mounting FUSE Control File System...
         Starting udev Coldplug all Devices...
         Starting Initial cloud-init job (pre-networking)...
         Starting Load/Save Random Seed...
         Starting Flush Journal to Persistent Storage...
[[0;32m  OK  [0m] Mounted FUSE Control File System.
[[0;32m  OK  [0m] Started Create Static Device Nodes in /dev.
[[0;32m  OK  [0m] Started Apply Kernel Variables.
[[0;32m  OK  [0m] Started Load/Save Random Seed.
[[0;32m  OK  [0m] Started Monitoring of LVM2 mirrors,...ng dmeventd or progress polling.
[[0;32m  OK  [0m] Started udev Coldplug all Devices.
         Starting udev Kernel Device Manager...
[[0;32m  OK  [0m] Started Flush Journal to Persistent Storage.
[[0;32m  OK  [0m] Started udev Kernel Device Manager.
[[0;32m  OK  [0m] Reached target Local File Systems (Pre).
[[0;32m  OK  [0m] Reached target Local File Systems.
         Starting Commit a transient machine-id on disk...
         Starting Tell Plymouth To Write Out Runtime Data...
         Starting Set console font and keymap...
         Starting Create Volatile Files and Directories...
         Starting LSB: AppArmor initialization...
[[0;32m  OK  [0m] Started Dispatch Password Requests to Console Directory Watch.
[[0;32m  OK  [0m] Started Commit a transient machine-id on disk.
[[0;32m  OK  [0m] Started Tell Plymouth To Write Out Runtime Data.
[[0;32m  OK  [0m] Started Create Volatile Files and Directories.
[[0;32m  OK  [0m] Found device /dev/ttyS0.
[[0;32m  OK  [0m] Reached target System Time Synchronized.
         Starting Update UTMP about System Boot/Shutdown...
[[0;32m  OK  [0m] Listening on Load/Save RF Kill Switch Status /dev/rfkill Watch.
[[0;32m  OK  [0m] Started Update UTMP about System Boot/Shutdown.
[[0;32m  OK  [0m] Started Set console font and keymap.
[[0;32m  OK  [0m] Created slice system-getty.slice.
[[0;32m  OK  [0m] Started LSB: AppArmor initialization.
[   19.563993] cloud-init[449]: Cloud-init v. 0.7.9 running 'init-local' at Thu, 28 Sep 2017 13:10:48 +0000. Up 19.34 seconds.
[[0;32m  OK  [0m] Started Initial cloud-init job (pre-networking).
[[0;32m  OK  [0m] Reached target Network (Pre).
         Starting Raise network interfaces...
[[0;32m  OK  [0m] Started Raise network interfaces.
         Starting Initial cloud-init job (metadata service crawler)...
[[0;32m  OK  [0m] Reached target Network.
[   22.551833] cloud-init[938]: Cloud-init v. 0.7.9 running 'init' at Thu, 28 Sep 2017 13:10:50 +0000. Up 21.42 seconds.
[   22.668300] [cloud-init[0;32m  OK  [0m[938]: ] ci-info: ++++++++++++++++++++++++++++++++++++++Net device info++++++++++++++++++++++++++++++++++++++Started Initial cloud-init job (metadata service crawler).

[   22.668508] cloud-init[938]: ci-info: +--------+-------+----------------------------+---------------+-------+-------------------+[[0;32m  OK  [0m] Reached target Cloud-config availability.
[[0;32m  OK  [0m] Reached target Network is Online.

[   22.684046] cloud-init[938]: ci-info: | Device |   Up  |          Address           |      Mask     | Scope |     Hw-Address    |
[   22.685020] cloud-init[938]: ci-info: +--------+-------+----------------------------+---------------+-------+-------------------+
[   22.685986] cloud-init[938]: ci-info: | enp0s3 |  True |         10.0.2.15          | 255.255.255.0 |   .   | 02:d2:3e:0e:ff:c0 |
[   22.686944] cloud-init[938]: ci-info: | enp0s3 |  True | fe80::d2:3eff:fe0e:ffc0/64 |       .       |  link | 02:d2:3e:0e:ff:c0 |
[   22.687903] cloud-init[938]: ci-info: |   lo   |  True |         127.0.0.1          |   255.0.0.0   |   .   |         .         |
[   22.720234]          cloud-initStarting iSCSI initiator daemon (iscsid)...[938]: 
ci-info: |   lo   |  True |          ::1/128           |       .       |  host |         .         |
[   22.832243] [cloud-init[0;32m  OK  [0m[938]: ] ci-info: | enp0s8 | False |             .              |       .       |   .   | 08:00:27:10:03:dd |Reached target System Initialization.

[   22.899756] [cloud-init[0;32m  OK  [0m[938]: ] ci-info: +--------+-------+----------------------------+---------------+-------+-------------------+Started Daily Cleanup of Temporary Directories.

[   22.900000] [cloud-init[0;32m  OK  [0m[938]: ] ci-info: +++++++++++++++++++++++++++Route IPv4 info++++++++++++++++++++++++++++Started Timer to automatically fetch and run repair assertions.

[   22.904404]          Starting Socket activation for snappy daemon.
[[0;32m  OK  [0m] Started Timer to automatically refresh installed snaps.
[[0;32m  OK  [0m] Listening on UUID daemon activation socket.
cloud-init[938]: ci-info: +-------+-------------+----------+---------------+-----------+-------+
[   22.956806]          cloud-initStarting LXD - unix socket.[938]: 
ci-info: | Route | Destination | Gateway  |    Genmask    | Interface | Flags |
[   22.991444] [cloud-init[0;32m  OK  [0m[938]: ] ci-info: +-------+-------------+----------+---------------+-----------+-------+Started ACPI Events Check.

[[0;32m  OK  [0m] Reached target Paths.
[   22.991707] cloud-init[938]: [ci-info: |   0   |   0.0.0.0   | 10.0.2.2 |    0.0.0.0    |   enp0s3  |   UG  |[0;32m  OK  [0m
] Started Daily apt download activities.
[   23.049913] [cloud-init[0;32m  OK  [0m[938]: ] ci-info: |   1   |   10.0.2.0  | 0.0.0.0  | 255.255.255.0 |   enp0s3  |   U   |Started Daily apt upgrade and clean activities.

[   23.050153] [cloud-init[0;32m  OK  [0m[938]: ] ci-info: +-------+-------------+----------+---------------+-----------+-------+Reached target Timers.

[   23.052548] [cloud-init[0;32m  OK  [0m[938]: ] Generating public/private rsa key pair.Listening on ACPID Listen Socket.

[[0;32m  OK  [0m] Listening on D-Bus System Message Bus Socket.
[   23.054764] cloud-init[938]: Your identification has been saved in /etc/ssh/ssh_host_rsa_key.
[   23.069706] cloud-init[938]: Your public key has been saved in /etc/ssh/ssh_host_rsa_key.pub.
[   23.070553] cloud-init[938]: The key fingerprint is:
[   23.100238] [cloud-init[0;32m  OK  [0m[938]: ] SHA256:BQw7v0of8pr4UpqJDEK0PY8Id8SKGRf3AQJD9MdjbtE root@ubuntu-xenialListening on Socket activation for snappy daemon.

[[0;32m  OK  [0m] Listening on LXD - unix socket.
[   23.100505] cloud-init[938]: The key's randomart image is:
[   23.224274] [cloud-init[0;32m  OK  [0m[938]: ] +---[RSA 2048]----+Started iSCSI initiator daemon (iscsid).

[   23.224586] cloud-init[938]: |=+ooo.oo.        |
[   23.295788]          cloud-initStarting Login to default iSCSI targets...[938]: 
|.ooo+..o..       |
[   23.345399] [cloud-init[0;32m  OK  [0m[938]: ] |.=o+ *+E  .      |Reached target Sockets.

[[0;32m  OK  [0m] Reached target Basic System.
[   23.345810] cloud-init[938]: |+ooo= oo .       |
[   23.354632] cloud-init[938]: |o...+o  S        |
[   23.356339] cloud-init[938]: |o. ....  .       |
[   23.360500] cloud-init[938]: |.o . =o o        |
[   23.362191] cloud-init[938]: |  o =o * .       |
[   23.364628] cloud-init[938]: |    .o=.o        |
         Starting LSB: Record successful boot for GRUB...
[[0;32m  OK  [0m] Started ACPI event daemon.[   23.367086] cloud-init[938]: +----[SHA256]-----+
[   23.381636] cloud-init[938]: Generating public/private dsa key pair.
[   23.381736] cloud-init[938]: Your identification has been saved in /etc/ssh/ssh_host_dsa_key.
[   23.381811] cloud-init[938]: Your public key has been saved in /etc/ssh/ssh_host_dsa_key.pub.
[   23.381877] cloud-init[938]: The key fingerprint is:
[   23.381954] cloud-init[938]: SHA256:FYIGSnpIROFddVlHvv/jjyGeINm4s2+jH5jHlOfq9eY root@ubuntu-xenial
[   23.382021] cloud-init[938]: The key's randomart image is:
[   23.382090] cloud-init[938]: +---[DSA 1024]----+

[   23.382165] cloud-init[938]: |o=o .o.o..+..o   |
[   23.595326] cloud-init[938]: |o+... o .o .o    |
[   23.595946] cloud-init[938]: |o.o. .    .  .   |
[   23.596627] cloud-init[938]: | .       . .  .  |
[   23.597287] cloud-init[938]: |        S o ..   |
[   23.597907] cloud-init[938]: |         O o  .  |
[   23.598518] cloud-init[938]: |        * * + .. |
[   23.636235] cloud-init[938]: |        .+o* +.+.|
[   23.636442] cloud-init[938]: |        +O=.ooE.=|
         Starting System Logging Service...
[   23.636539] cloud-init[938]: +----[SHA256]-----+
[   23.772198] cloud-init[938]: Generating public/private ecdsa key pair.
[   23.772329] cloud-init[938]: Your identification has been saved in /etc/ssh/ssh_host_ecdsa_key.
         Starting Apply the settings specified in cloud-config...
[[   23.772387] cloud-init[938]: Your public key has been saved in /etc/ssh/ssh_host_ecdsa_key.pub.
[   23.813844] cloud-init[938]: The key fingerprint is:
[   23.814025] cloud-init[938]: SHA256:5j9eLeinQsg+S3BpYHJk/gB9qspw+4IskJjzPFwmmTk root@ubuntu-xenial
[   23.814150] cloud-init[938]: The key's randomart image is:
[   23.814287] cloud-init[938]: +---[ECDSA 256]---+
[   23.814410] cloud-init[938]: |  ..o            |
[   23.814480] cloud-init[938]: |   =. .          |
[   23.814606] cloud-init[938]: |  . *o           |
[   23.814675] cloud-init[938]: |   +.+ .         |
[   23.814742] cloud-init[938]: |.o =..=.S        |
[   23.814806] cloud-init[938]: |B E o+oo.  . .   |
[   23.814872] cloud-init[938]: |=O * .... . o .  |
[   23.814939] cloud-init[938]: |+oB  .o .o....   |
[   23.815067] cloud-init[938]: |.  +. .o o=+     |
[   23.815137] cloud-init[938]: +----[SHA256]-----+
[   23.815264] cloud-init[938]: Generating public/private ed25519 key pair.
[   23.815336] cloud-init[938]: Your identification has been saved in /etc/ssh/ssh_host_ed25519_key.
[   23.815464] cloud-init[938]: Your public key has been saved in /etc/ssh/ssh_host_ed25519_key.pub.
[   23.815594] cloud-init[938]: The key fingerprint is:
[   23.815664] cloud-init[938]: SHA256:oLksdJj/t1o+vx66lnGtePV2gDUzOkbPTMRZMUpNO9k root@ubuntu-xenial
[0;32m  OK  [0m] Started Unattended Upgrades Shutdown.
[   23.815803] cloud-init[938]: The key's randomart image is:
[[0;32m  OK  [0m[   23.932613] cloud-init[938]: +--[ED25519 256]--+
[   23.932762] cloud-init[938]: |             oo*o|
[   23.932881] cloud-init[938]: |            . =.=|
[   23.933011] cloud-init[938]: |      .      o +E|
[   23.933078] cloud-init[938]: |   o o .    . * .|
[   23.933143] cloud-init[938]: |  + +   S  o O + |
[   23.933209] cloud-init[938]: | . + .  . . B =  |
[   23.933280] cloud-init[938]: |  . +   .=.+ o . |
[   23.933416] cloud-init[938]: |   . . o*.o.  o .|
[   23.933542] cloud-init[938]: |      o+=B+. . . |
[   23.933680] cloud-init[938]: +----[SHA256]-----+
] Started Deferred execution scheduler.
         Starting Pollinate to seed the pseudo random number generator...
[[0;32m  OK  [0m] Started Regular background program processing daemon.
         Starting LSB: MD monitoring daemon...
         Starting Login Service...
         Starting LXD - container startup/shutdown...
[   24.145644] cloud-init[1053]: Generating locales (this might take a while)...
[[0;32m  OK  [0m] Started D-Bus System Message Bus.
         Starting /etc/rc.local Compatibility...
[[0;32m  OK  [0m] Started FUSE filesystem for LXC.
         Starting Snappy daemon...
         Starting Accounts Service...
[[0;32m  OK  [0m] Started System Logging Service.
[[0;32m  OK  [0m] Started /etc/rc.local Compatibility.
[[0;32m  OK  [0m] Started Login Service.
[[0;32m  OK  [0m] Started LSB: Record successful boot for GRUB.
[[0;32m  OK  [0m] Started Login to default iSCSI targets.
[[0;32m  OK  [0m] Reached target Remote File Systems (Pre).
[[0;32m  OK  [0m] Reached target Remote File Systems.
         Starting LSB: automatic crash report generation...
         Starting LSB: Set the CPU Frequency Scaling governor to "ondemand"...
         Starting LSB: VirtualBox Linux Additions...
         Starting LSB: daemon to balance interrupts for SMP systems...
         Starting Permit User Sessions...
[[0;32m  OK  [0m] Started LSB: MD monitoring daemon.
[[0;32m  OK  [0m] Started Permit User Sessions.
[[0;32m  OK  [0m] Started LSB: automatic crash report generation.
[[0;32m  OK  [0m] Started LSB: Set the CPU Frequency Scaling governor to "ondemand".
         Starting Terminate Plymouth Boot Screen...
         Starting Hold until boot process finishes up...
[[0;32m  OK  [0m] Started Terminate Plymouth Boot Screen.
[[0;32m  OK  [0m] Started Hold until boot process finishes up.
         Starting Set console scheme...
[[0;32m  OK  [0m] Started Getty on tty1.
[[0;32m  OK  [0m] Started Serial Getty on ttyS0.
[[0;32m  OK  [0m] Reached target Login Prompts.
[[0;32m  OK  [0m] Started Set console scheme.
[[0;32m  OK  [0m] Started LSB: daemon to balance interrupts for SMP systems.
[[0;32m  OK  [0m] Started Pollinate to seed the pseudo random number generator.
         Starting OpenBSD Secure Shell server...
         Starting Authenticate and Authorize Users to Run Privileged Tasks...
[   25.403542] cloud-init[1053]:   en_US.UTF-8... done
[[   25.427311] cloud-init[1053]: Generation complete.
[0;32m  OK  [0m] Started LSB: VirtualBox Linux Additions.
[[0;32m  OK  [0m] Started OpenBSD Secure Shell server.
[[0;32m  OK  [0m] Started Authenticate and Authorize Users to Run Privileged Tasks.
[[0;32m  OK  [0m] Started Accounts Service.
[[0;32m  OK  [0m] Started LXD - container startup/shutdown.
[[0;32m  OK  [0m] Started Snappy daemon.
         Starting Auto import assertions from block devices...
[[0;32m  OK  [0m] Started Auto import assertions from block devices.
[[0;32m  OK  [0m] Reached target Multi-User System.
[[0;32m  OK  [0m] Reached target Graphical Interface.
         Starting Update UTMP about System Runlevel Changes...
[[0;32m  OK  [0m] Started Update UTMP about System Runlevel Changes.
         Stopping OpenBSD Secure Shell server...
[[0;32m  OK  [0m] Stopped OpenBSD Secure Shell server.
         Starting OpenBSD Secure Shell server...
[[0;32m  OK  [0m] Started OpenBSD Secure Shell server.
[[0;32m  OK  [0m] Created slice User Slice of ubuntu.
         Starting User Manager for UID 1000...
[[0;32m  OK  [0m] Started Session 1 of user ubuntu.
[[0;32m  OK  [0m] Started User Manager for UID 1000.
[   26.559735] cloud-init[1053]: Cloud-init v. 0.7.9 running 'modules:config' at Thu, 28 Sep 2017 13:10:52 +0000. Up 23.93 seconds.
[[0;32m  OK  [0m] Started Apply the settings specified in cloud-config.
         Starting Execute cloud user/final scripts...
ci-info: no authorized ssh keys fingerprints found for user ubuntu.
<14>Sep 28 13:10:55 ec2: 
<14>Sep 28 13:10:55 ec2: #############################################################
<14>Sep 28 13:10:55 ec2: -----BEGIN SSH HOST KEY FINGERPRINTS-----
<14>Sep 28 13:10:55 ec2: 1024 SHA256:FYIGSnpIROFddVlHvv/jjyGeINm4s2+jH5jHlOfq9eY root@ubuntu-xenial (DSA)
<14>Sep 28 13:10:55 ec2: 256 SHA256:5j9eLeinQsg+S3BpYHJk/gB9qspw+4IskJjzPFwmmTk root@ubuntu-xenial (ECDSA)
<14>Sep 28 13:10:55 ec2: 256 SHA256:oLksdJj/t1o+vx66lnGtePV2gDUzOkbPTMRZMUpNO9k root@ubuntu-xenial (ED25519)
<14>Sep 28 13:10:55 ec2: 2048 SHA256:BQw7v0of8pr4UpqJDEK0PY8Id8SKGRf3AQJD9MdjbtE root@ubuntu-xenial (RSA)
<14>Sep 28 13:10:55 ec2: -----END SSH HOST KEY FINGERPRINTS-----
<14>Sep 28 13:10:55 ec2: #############################################################
-----BEGIN SSH HOST KEY KEYS-----
ecdsa-sha2-nistp256 AAAAE2VjZHNhLXNoYTItbmlzdHAyNTYAAAAIbmlzdHAyNTYAAABBBGIN57I7oWWiranfxA3KwDQmBOoq5TpDV3y8QS5WTatea8o7eohOheUPVUoyDoUO8kdQJJewptVTraUqXGxcs28= root@ubuntu-xenial
ssh-ed25519 AAAAC3NzaC1lZDI1NTE5AAAAIEQDSZT0bfVpV5F96DtT5oxdewXtqyL5zEHT+lGab0LJ root@ubuntu-xenial
ssh-rsa AAAAB3NzaC1yc2EAAAADAQABAAABAQC9IW6TtWs+3cjLZcvcQ2QgyEqb/11eO605QCSxHC8W7+MHGARayaF8ZE7Up/RjBy8IQViNL+k6xrYAdgrkn6aYS2W4y0kwenWQalKad51HzlXgnz65FkbwOZdcqExb6F88aNp5vM37Zbjlkwl9LwBWNLIV8GFi1oMvZq19dCJiblOIADlVSkAeybI9ykkrNmNgE79NiVqbKx+nTzmzKjzH1ZnEmP2OvqiViKTxoeiPtUxOqp7wVBKKmnbEgyflH7oBPPbWZ81vKm5zchsNRuQAlM7q1BrwW+ilnrpc6ZWyQbF2wTCV3ixZIUA+WIHnrS5NcdVIWwEjWIOijp6++3i/ root@ubuntu-xenial
-----END SSH HOST KEY KEYS-----
[   27.379639] cloud-init[1369]: Cloud-init v. 0.7.9 running 'modules:final' at Thu, 28 Sep 2017 13:10:55 +0000. Up 26.84 seconds.
[   27.390641] cloud-init[1369]: ci-info: no authorized ssh keys fingerprints found for user ubuntu.
[   27.394916] cloud-init[1369]: Cloud-init v. 0.7.9 finished at Thu, 28 Sep 2017 13:10:56 +0000. Datasource DataSourceNoCloud [seed=/dev/sdb][dsmode=net].  Up 27.37 seconds
[[0;32m  OK  [0m] Started Execute cloud user/final scripts.
[[0;32m  OK  [0m] Reached target Cloud-init target.

Ubuntu 16.04.3 LTS ubuntu-xenial ttyS0

ubuntu-xenial login: 